== 11:22:06 cold8k-A-1-1 start
== 11:22:46 cold8k-A-1-1 rc=0 rows=1
== 11:23:16 cold16k-A-1-1 start
== 11:24:30 cold16k-A-1-1 rc=0 rows=1
== 11:25:00 cold24k-A-1-1 start
== 11:26:38 cold24k-A-1-1 rc=0 rows=1
== 11:27:08 cont14k-A-1-1 start
== 11:28:23 cont14k-A-1-1 rc=0 rows=2
== 11:28:53 cold8k-B-1-1 start
== 11:29:31 cold8k-B-1-1 rc=0 rows=1
== 11:30:01 cold16k-B-1-1 start
== 11:31:11 cold16k-B-1-1 rc=0 rows=1
== 11:31:41 cold24k-B-1-1 start
== 11:33:23 cold24k-B-1-1 rc=0 rows=1
== 11:33:53 cont14k-B-1-1 start
== 11:35:07 cont14k-B-1-1 rc=0 rows=2
== 11:35:37 cold8k-C-1-1 start
== 11:36:14 cold8k-C-1-1 rc=0 rows=1
== 11:36:44 cold16k-C-1-1 start
== 11:37:50 cold16k-C-1-1 rc=0 rows=1
== 11:38:20 cold24k-C-1-1 start
== 11:39:58 cold24k-C-1-1 rc=0 rows=1
== 11:40:28 cont14k-C-1-1 start
== 11:41:43 cont14k-C-1-1 rc=0 rows=2
== 11:42:13 cold8k-C-1-2 start
== 11:42:52 cold8k-C-1-2 rc=0 rows=1
== 11:43:22 cold16k-C-1-2 start
== 11:44:32 cold16k-C-1-2 rc=0 rows=1
== 11:45:02 cold24k-C-1-2 start
== 11:46:43 cold24k-C-1-2 rc=0 rows=1
== 11:47:13 cont14k-C-1-2 start
== 11:48:29 cont14k-C-1-2 rc=0 rows=2
== 11:48:59 cold8k-B-1-2 start
== 11:49:36 cold8k-B-1-2 rc=0 rows=1
== 11:50:06 cold16k-B-1-2 start
== 11:51:15 cold16k-B-1-2 rc=0 rows=1
== 11:51:45 cold24k-B-1-2 start
== 11:53:29 cold24k-B-1-2 rc=0 rows=1
== 11:53:59 cont14k-B-1-2 start
== 11:55:14 cont14k-B-1-2 rc=0 rows=2
== 11:55:45 cold8k-A-1-2 start
== 11:56:24 cold8k-A-1-2 rc=0 rows=1
== 11:56:54 cold16k-A-1-2 start
== 11:58:04 cold16k-A-1-2 rc=0 rows=1
== 11:58:34 cold24k-A-1-2 start
== 12:00:13 cold24k-A-1-2 rc=0 rows=1
== 12:00:43 cont14k-A-1-2 start
== 12:01:57 cont14k-A-1-2 rc=0 rows=2
== 12:02:27 cold8k-A-2-1 start
== 12:03:06 cold8k-A-2-1 rc=0 rows=1
== 12:03:36 cold16k-A-2-1 start
== 12:04:46 cold16k-A-2-1 rc=0 rows=1
== 12:05:16 cold24k-A-2-1 start
== 12:06:54 cold24k-A-2-1 rc=0 rows=1
== 12:07:24 cont14k-A-2-1 start
== 12:08:40 cont14k-A-2-1 rc=0 rows=2
== 12:09:10 cold8k-B-2-1 start
== 12:09:46 cold8k-B-2-1 rc=0 rows=1
== 12:10:16 cold16k-B-2-1 start
== 12:11:24 cold16k-B-2-1 rc=0 rows=1
== 12:11:54 cold24k-B-2-1 start
== 12:13:34 cold24k-B-2-1 rc=0 rows=1
== 12:14:04 cont14k-B-2-1 start
== 12:15:20 cont14k-B-2-1 rc=0 rows=2
== 12:15:50 cold8k-C-2-1 start
== 12:16:27 cold8k-C-2-1 rc=0 rows=1
== 12:16:57 cold16k-C-2-1 start
== 12:18:10 cold16k-C-2-1 rc=0 rows=1
== 12:18:40 cold24k-C-2-1 start
== 12:20:24 cold24k-C-2-1 rc=0 rows=1
== 12:20:54 cont14k-C-2-1 start
== 12:22:14 cont14k-C-2-1 rc=0 rows=2
== 12:22:44 cold8k-C-2-2 start
== 12:23:21 cold8k-C-2-2 rc=0 rows=1
== 12:23:51 cold16k-C-2-2 start
== 12:25:15 cold16k-C-2-2 rc=0 rows=1
== 12:25:45 cold24k-C-2-2 start
== 12:27:31 cold24k-C-2-2 rc=0 rows=1
== 12:28:01 cont14k-C-2-2 start
== 12:29:15 cont14k-C-2-2 rc=0 rows=2
== 12:29:45 cold8k-B-2-2 start
== 12:30:24 cold8k-B-2-2 rc=0 rows=1
== 12:30:54 cold16k-B-2-2 start
== 12:32:07 cold16k-B-2-2 rc=0 rows=1
== 12:32:37 cold24k-B-2-2 start
== 12:34:24 cold24k-B-2-2 rc=0 rows=1
== 12:34:54 cont14k-B-2-2 start
== 12:36:14 cont14k-B-2-2 rc=0 rows=2
== 12:36:44 cold8k-A-2-2 start
== 12:37:24 cold8k-A-2-2 rc=0 rows=1
== 12:37:54 cold16k-A-2-2 start
== 12:39:09 cold16k-A-2-2 rc=0 rows=1
== 12:39:39 cold24k-A-2-2 start
== 12:41:22 cold24k-A-2-2 rc=0 rows=1
== 12:41:52 cont14k-A-2-2 start
== 12:43:10 cont14k-A-2-2 rc=0 rows=2
== 12:43:40 cold8k-A-3-1 start
== 12:44:17 cold8k-A-3-1 rc=0 rows=1
== 12:44:47 cold16k-A-3-1 start
== 12:45:57 cold16k-A-3-1 rc=0 rows=1
== 12:46:27 cold24k-A-3-1 start
== 12:48:08 cold24k-A-3-1 rc=0 rows=1
== 12:48:38 cont14k-A-3-1 start
== 12:49:54 cont14k-A-3-1 rc=0 rows=2
== 12:50:24 cold8k-B-3-1 start
== 12:51:05 stopped by user after cycle 2; cycle 3 partial runs in partial-cycle3/
