== 23:49:43 phase 4: paired analysis
ref=base-q2  boot=10000  (delta>0 = regression vs ref)
arm                  mean  ci95_lo  ci95_hi   median imp reg unc      p90      p95    worst  fm   lcp
t16-18-19         -0.0227  -0.0292  -0.0158  -0.0242  81  19   0  +0.0149  +0.0290  +0.1383  88  7.90
t14-17-19         -0.0214  -0.0277  -0.0143  -0.0222  84  16   0  +0.0127  +0.0231  +0.1891  86  7.87
t14-16-19         -0.0202  -0.0267  -0.0128  -0.0165  78  22   0  +0.0106  +0.0212  +0.1937  88  8.14
t17-18-19         -0.0217  -0.0276  -0.0158  -0.0208  82  18   0  +0.0141  +0.0274  +0.0571  89  8.05
t14-16-18         -0.0204  -0.0264  -0.0145  -0.0183  73  27   0  +0.0125  +0.0237  +0.0647  87  7.98
t14-18-19         -0.0206  -0.0264  -0.0148  -0.0194  78  22   0  +0.0168  +0.0235  +0.0592  88  7.20
t16-17-18         -0.0179  -0.0248  -0.0106  -0.0163  76  24   0  +0.0176  +0.0274  +0.2061  89  8.21
t14-16-17         -0.0171  -0.0247  -0.0084  -0.0213  71  29   0  +0.0186  +0.0261  +0.2713  88  8.50
t16-17-19         -0.0177  -0.0249  -0.0100  -0.0166  78  22   0  +0.0185  +0.0324  +0.1843  85  7.68
t14-17-18         -0.0182  -0.0239  -0.0123  -0.0223  72  28   0  +0.0218  +0.0313  +0.0725  87  8.15
ref=t16-18-19  boot=10000  (delta>0 = regression vs ref)
arm                  mean  ci95_lo  ci95_hi   median imp reg unc      p90      p95    worst  fm   lcp
t14-17-19         +0.0013  -0.0052  +0.0076  +0.0034  43  57   0  +0.0403  +0.0504  +0.0767  86  7.87
t14-16-19         +0.0025  -0.0022  +0.0071  +0.0052  44  56   0  +0.0315  +0.0410  +0.0554  88  8.14
t17-18-19         +0.0010  -0.0058  +0.0070  +0.0048  43  57   0  +0.0352  +0.0427  +0.0985  89  8.05
t14-16-18         +0.0022  -0.0028  +0.0071  +0.0006  49  51   0  +0.0295  +0.0412  +0.0588  87  7.98
t14-18-19         +0.0021  -0.0052  +0.0089  +0.0048  42  58   0  +0.0416  +0.0520  +0.0930  88  7.20
t16-17-18         +0.0047  -0.0001  +0.0096  +0.0050  45  55   0  +0.0346  +0.0438  +0.0678  89  8.21
t14-16-17         +0.0056  -0.0012  +0.0122  +0.0046  45  55   0  +0.0446  +0.0506  +0.1329  88  8.50
t16-17-19         +0.0050  -0.0003  +0.0104  +0.0083  41  59   0  +0.0433  +0.0484  +0.0672  85  7.68
t14-17-18         +0.0045  -0.0023  +0.0112  +0.0016  47  53   0  +0.0434  +0.0608  +0.0976  87  8.15
== winner t16-18-19; CI-overlapping: t14-17-19 t14-16-19 t17-18-19 t14-16-18 t14-18-19 t16-17-18 t14-16-17 t16-17-19 t14-17-18
== 23:49:48 confirm-14,17,19 layers=14,17,19 splice
== 23:50:08 confirm-14,17,19 score
== 23:59:08 confirm-14,17,19 summary cases=100 tokens=11559 avg_nll=0.449982534 first_match=86 avg_lcp=7.870
== 23:59:08 confirm-14,16,19 layers=14,16,19 splice
== 23:59:28 confirm-14,16,19 score
