== 16:23:46 short-A-1-1 start
== 16:24:13 short-A-1-1 rc=0 rows=1
== 16:24:43 short-B-1-1 start
== 16:25:10 short-B-1-1 rc=0 rows=1
== 16:25:40 short-B-1-2 start
== 16:25:55 short-B-1-2 rc=0 rows=1
== 16:26:25 short-A-1-2 start
== 16:26:52 short-A-1-2 rc=0 rows=1
== 16:27:22 short-A-2-1 start
== 16:27:38 short-A-2-1 rc=0 rows=1
== 16:28:08 short-B-2-1 start
== 16:28:34 short-B-2-1 rc=0 rows=1
== 16:29:04 short-B-2-2 start
== 16:29:19 short-B-2-2 rc=0 rows=1
== 16:29:49 short-A-2-2 start
== 16:30:15 short-A-2-2 rc=0 rows=1
== 16:30:45 short-A-3-1 start
== 16:31:01 short-A-3-1 rc=0 rows=1
== 16:31:31 short-B-3-1 start
== 16:31:56 short-B-3-1 rc=0 rows=1
== 16:32:26 short-B-3-2 start
== 16:32:41 short-B-3-2 rc=0 rows=1
== 16:33:11 short-A-3-2 start
== 16:33:37 short-A-3-2 rc=0 rows=1
== 16:34:07 short-A-4-1 start
== 16:34:23 short-A-4-1 rc=0 rows=1
== 16:34:53 short-B-4-1 start
== 16:35:19 short-B-4-1 rc=0 rows=1
== 16:35:49 short-B-4-2 start
== 16:36:05 short-B-4-2 rc=0 rows=1
== 16:36:35 short-A-4-2 start
== 16:37:02 short-A-4-2 rc=0 rows=1
== 16:37:32 short-A-5-1 start
== 16:37:48 short-A-5-1 rc=0 rows=1
== 16:38:18 short-B-5-1 start
== 16:38:44 short-B-5-1 rc=0 rows=1
== 16:39:14 short-B-5-2 start
== 16:39:29 short-B-5-2 rc=0 rows=1
== 16:40:00 short-A-5-2 start
== 16:40:32 short-A-5-2 rc=0 rows=1
== 16:41:02 long-A-1 start
== 16:48:19 long-A-1 rc=0 rows=2
== 16:48:49 long-B-1 start
== 16:56:40 long-B-1 rc=0 rows=2
== 16:57:10 long-B-2 start
== 17:04:45 long-B-2 rc=0 rows=2
== 17:05:15 long-A-2 start
== 17:12:39 long-A-2 rc=0 rows=2
== 17:13:09 done
