ds4: Metal device Apple M5 Max, 128.00 GiB RAM
ds4: Metal 4 tensor API disabled by DS4_METAL_DISABLE_TENSOR_API
ds4: Metal 4 tensor API probe failed; using legacy Metal kernels
ds4: drift-patch flags hc_stable=on norm_unify=on kv_raw_f32=off rope_exp2_log2=off math_safe=off tensor_matmul=off
ds4: Metal model views created in 2.605 ms, residency requested in 477.076 ms, warmup 3.790 ms (mapped 104546.06 MiB from offset 9.08 MiB)
ds4: Metal mapped mmaped model as 2 overlapping shared buffers
ds4: metal backend initialized for graph diagnostics
ds4: memory: KV 0.37 GiB (raw 0.00 + compressed 0.37) + buffers 2.98 GiB + resident model 102.10 GiB = 105.44 GiB planned
ds4: memory detail: ctx=32768 prefill_cap=2048 raw_kv_rows=0 compressed_kv_rows=32768 backend=metal
ds4: memory: KV 0.37 GiB (raw 0.00 + compressed 0.37) + buffers 2.98 GiB = 3.34 GiB context
ds4: memory detail: ctx=32768 prefill_cap=2048 raw_kv_rows=0 compressed_kv_rows=32768 backend=metal
ds4: glm53 tuning supported=1 hc_fuse=1 kda_pair=1 kda_trio=1 kda_out_hc=1 attn_out_hc=1 ffn_hc=1 shared_down_hc=1 dsa_exact=1
ds4: GLM session ctx=32768 (model max=1048576); prefill/work cap=4096; dense attention limit=2051
ds4: GLM graph using compact DSA KV only; expanded full-attention KV cache is skipped
ds4: GLM graph allocating compact DSA cache: rows=32768 logical_ctx=32768 kv_layers=45 indexer_layers=11 f16 0.37 GiB
ds4: GLM compact indexed prefill chunk=2048 score_rows=2048 score_scratch=64.00 MiB
processing 5129 input tokens: 2048/5129 (39.9%)
processing 5129 input tokens: 4096/5129 (79.9%)
processing 5129 input tokens: 5129/5129 (100.0%)
ds4: n8 down+sum single-device path active (DS4_METAL_ENABLE_DOWNSUM8)
